
> frontend@0.0.0 build
> vite build

[36mvite v8.0.3 [32mbuilding client environment for production...[36m[39m
[2K
transforming...Γ£ô 2297 modules transformed.
rendering chunks...
computing gzip size...
dist/index.html                   0.45 kB Γöé gzip:   0.29 kB
dist/assets/index-CJm__Zm7.css   17.95 kB Γöé gzip:   4.20 kB
dist/assets/index-tamrz2bD.js   674.71 kB Γöé gzip: 205.34 kB

[32mΓ£ô built in 756ms[39m
